[2026-08-06 22:49:44,953: INFO: main: Welcome to the custom log]
[2026-08-06 22:52:17,150: INFO: main: Welcome to the custom log]
[2026-08-07 13:22:26,914: INFO: common: yaml file: config\config.yaml loaded successfully]
[2026-08-07 13:22:26,936: INFO: common: yaml file: params.yaml loaded successfully]
[2026-08-07 13:23:48,413: INFO: common: yaml file: config\config.yaml loaded successfully]
[2026-08-07 13:23:48,416: INFO: common: yaml file: params.yaml loaded successfully]
[2026-08-07 13:23:51,959: INFO: common: yaml file: config\config.yaml loaded successfully]
[2026-08-07 13:23:51,961: INFO: common: yaml file: params.yaml loaded successfully]
[2026-08-07 13:23:55,402: INFO: common: yaml file: config\config.yaml loaded successfully]
[2026-08-07 13:23:55,405: INFO: common: yaml file: params.yaml loaded successfully]
[2026-08-07 13:23:59,624: INFO: common: yaml file: config\config.yaml loaded successfully]
[2026-08-07 13:23:59,626: INFO: common: yaml file: params.yaml loaded successfully]
[2026-08-07 13:24:02,784: INFO: common: yaml file: config\config.yaml loaded successfully]
[2026-08-07 13:24:02,787: INFO: common: yaml file: params.yaml loaded successfully]
[2026-08-07 13:24:09,291: INFO: common: yaml file: config\config.yaml loaded successfully]
[2026-08-07 13:24:09,294: INFO: common: yaml file: params.yaml loaded successfully]
[2026-08-07 13:33:33,612: INFO: common: yaml file: config\config.yaml loaded successfully]
[2026-08-07 13:33:33,615: INFO: common: yaml file: params.yaml loaded successfully]
[2026-08-07 13:33:33,631: INFO: common: created directory at: artifacts]
[2026-08-07 13:35:23,509: INFO: common: yaml file: config\config.yaml loaded successfully]
[2026-08-07 13:35:23,511: INFO: common: yaml file: params.yaml loaded successfully]
[2026-08-07 13:35:23,514: INFO: common: created directory at: artifacts]
[2026-08-07 13:35:23,516: INFO: common: created directory at: artifacts/data_ingestion]
[2026-08-07 13:35:23,518: INFO: 3667257875: Downloading data from https://drive.google.com/file/d/1nCwTmYBWTgwxrgEYZ6BPM1L-5ixlRJ99/view into file artifacts/data_ingestion/data.zip]
[2026-08-07 13:36:37,883: INFO: 3667257875: Downloaded data from https://drive.google.com/file/d/1nCwTmYBWTgwxrgEYZ6BPM1L-5ixlRJ99/view into file artifacts/data_ingestion/data.zip]
[2026-08-07 13:38:37,066: INFO: common: yaml file: config\config.yaml loaded successfully]
[2026-08-07 13:38:37,069: INFO: common: yaml file: params.yaml loaded successfully]
[2026-08-07 13:38:37,072: INFO: common: created directory at: artifacts]
[2026-08-07 13:38:37,074: INFO: common: created directory at: artifacts/data_ingestion]
[2026-08-07 13:38:37,076: INFO: 112131995: Downloading data from https://drive.google.com/file/d/1nCwTmYBWTgwxrgEYZ6BPM1L-5ixlRJ99/view into file artifacts/data_ingestion/data.zip]
[2026-08-07 13:39:58,974: INFO: 112131995: Downloaded data from https://drive.google.com/file/d/1nCwTmYBWTgwxrgEYZ6BPM1L-5ixlRJ99/view into file artifacts/data_ingestion/data.zip]
[2026-08-07 13:43:49,029: INFO: common: yaml file: config\config.yaml loaded successfully]
[2026-08-07 13:43:49,032: INFO: common: yaml file: params.yaml loaded successfully]
[2026-08-07 13:43:49,034: INFO: common: created directory at: artifacts]
[2026-08-07 13:43:49,037: INFO: common: created directory at: artifacts/data_ingestion]
[2026-08-07 13:43:49,038: INFO: 112131995: Downloading data from https://drive.google.com/file/d/1nCwTmYBWTgwxrgEYZ6BPM1L-5ixlRJ99/view?usp=sharing into file artifacts/data_ingestion/data.zip]
[2026-08-07 13:45:05,813: INFO: 112131995: Downloaded data from https://drive.google.com/file/d/1nCwTmYBWTgwxrgEYZ6BPM1L-5ixlRJ99/view?usp=sharing into file artifacts/data_ingestion/data.zip]
[2026-08-07 13:58:54,517: INFO: common: yaml file: config\config.yaml loaded successfully]
[2026-08-07 13:58:54,521: INFO: common: yaml file: params.yaml loaded successfully]
[2026-08-07 13:58:54,523: INFO: common: created directory at: artifacts]
[2026-08-07 13:58:54,525: INFO: common: created directory at: artifacts/data_ingestion]
[2026-08-07 13:58:54,527: INFO: 1276275552: Downloading data from https://drive.google.com/file/d/1nCwTmYBWTgwxrgEYZ6BPM1L-5ixlRJ99/view?usp=sharing into file artifacts/data_ingestion/data.zip]
[2026-08-07 14:00:02,310: INFO: 1276275552: Downloaded data from https://drive.google.com/file/d/1nCwTmYBWTgwxrgEYZ6BPM1L-5ixlRJ99/view?usp=sharing into file artifacts/data_ingestion/data.zip]
[2026-08-07 15:17:11,252: INFO: main: >>>>> stage Data Ingestion stage started <<<<<]
[2026-08-07 15:17:11,256: INFO: common: yaml file: config\config.yaml loaded successfully]
[2026-08-07 15:17:11,261: INFO: common: yaml file: params.yaml loaded successfully]
[2026-08-07 15:17:11,263: INFO: common: created directory at: artifacts]
[2026-08-07 15:17:11,264: INFO: common: created directory at: artifacts/data_ingestion]
[2026-08-07 15:17:11,267: INFO: data_ingestion: Downloading data from https://drive.google.com/file/d/1nCwTmYBWTgwxrgEYZ6BPM1L-5ixlRJ99/view?usp=sharing into file artifacts/data_ingestion/data.zip]
[2026-08-07 15:18:00,560: INFO: data_ingestion: Downloaded data from https://drive.google.com/file/d/1nCwTmYBWTgwxrgEYZ6BPM1L-5ixlRJ99/view?usp=sharing into file artifacts/data_ingestion/data.zip]
[2026-08-07 15:27:37,052: ERROR: main: [WinError 3] The system cannot find the path specified: 'F:\\Kidney-Disease-Classification-MLflow-DVC\\artifacts\\data_ingestion\\CT-KIDNEY-DATASET-Normal-Cyst-Tumor-Stone\\CT-KIDNEY-DATASET-Normal-Cyst-Tumor-Stone\\Cyst\\Cyst- (1).jpg']
Traceback (most recent call last):
  File "main.py", line 10, in <module>
    obj.main()
  File "f:\kidney-disease-classification-mlflow-dvc\src\cnnClassifier\pipeline\stage_01_data_ingestion.py", line 18, in main
    data_ingestion.extract_zip_file()
  File "f:\kidney-disease-classification-mlflow-dvc\src\cnnClassifier\components\data_ingestion.py", line 50, in extract_zip_file
    archive.extractall(path=unzip_path)
  File "C:\Miniconda3\envs\Kidney\lib\site-packages\py7zr\py7zr.py", line 1012, in extractall
    self._extract(path=path, return_dict=False, callback=callback)
  File "C:\Miniconda3\envs\Kidney\lib\site-packages\py7zr\py7zr.py", line 653, in _extract
    os.utime(str(outfilename), times=(lastmodified, lastmodified))
FileNotFoundError: [WinError 3] The system cannot find the path specified: 'F:\\Kidney-Disease-Classification-MLflow-DVC\\artifacts\\data_ingestion\\CT-KIDNEY-DATASET-Normal-Cyst-Tumor-Stone\\CT-KIDNEY-DATASET-Normal-Cyst-Tumor-Stone\\Cyst\\Cyst- (1).jpg'
[2026-08-12 13:12:47,031: INFO: common: yaml file: config\config.yaml loaded successfully]
[2026-08-12 13:12:47,060: INFO: common: yaml file: params.yaml loaded successfully]
[2026-08-12 13:12:47,071: INFO: common: created directory at: artifacts]
[2026-08-12 13:12:47,075: INFO: common: created directory at: artifacts/prepare_base_model]
[2026-08-12 14:26:10,884: INFO: main: >>>>> stage Data Ingestion stage started <<<<<]
[2026-08-12 14:26:10,890: INFO: common: yaml file: config\config.yaml loaded successfully]
[2026-08-12 14:26:10,897: INFO: common: yaml file: params.yaml loaded successfully]
[2026-08-12 14:26:10,899: INFO: common: created directory at: artifacts]
[2026-08-12 14:26:10,900: INFO: common: created directory at: artifacts/data_ingestion]
[2026-08-12 14:26:10,903: INFO: data_ingestion: Downloading data from https://drive.google.com/file/d/1nCwTmYBWTgwxrgEYZ6BPM1L-5ixlRJ99/view?usp=sharing into file artifacts/data_ingestion/data.zip]
[2026-08-12 14:27:08,717: INFO: data_ingestion: Downloaded data from https://drive.google.com/file/d/1nCwTmYBWTgwxrgEYZ6BPM1L-5ixlRJ99/view?usp=sharing into file artifacts/data_ingestion/data.zip]
[2026-08-12 14:42:46,204: INFO: main: >>>>> stage Data Ingestion stage completed!<<<<<

x==========x]
[2026-08-12 14:42:46,210: INFO: main: *******************]
[2026-08-12 14:42:46,211: INFO: main: >>>>>> stage Prepare base model started <<<<<<]
[2026-08-12 14:42:46,234: INFO: common: yaml file: config\config.yaml loaded successfully]
[2026-08-12 14:42:46,240: INFO: common: yaml file: params.yaml loaded successfully]
[2026-08-12 14:42:46,244: INFO: common: created directory at: artifacts]
[2026-08-12 14:42:46,249: INFO: common: created directory at: artifacts/prepare_base_model]
[2026-08-12 14:42:47,702: WARNING: saving_utils: Compiled the loaded model, but the compiled metrics have yet to be built. `model.compile_metrics` will be empty until you train or evaluate the model.]
[2026-08-12 14:42:48,297: INFO: main: >>>>>> stage Prepare base model completed <<<<<<

x==========x]
[2026-08-12 16:27:20,641: INFO: main: >>>>> stage Data Ingestion stage started <<<<<]
[2026-08-12 16:27:20,643: INFO: common: yaml file: config\config.yaml loaded successfully]
[2026-08-12 16:27:20,645: INFO: common: yaml file: params.yaml loaded successfully]
[2026-08-12 16:27:20,645: INFO: common: created directory at: artifacts]
[2026-08-12 16:27:20,646: INFO: common: created directory at: artifacts/data_ingestion]
[2026-08-12 16:27:20,646: INFO: data_ingestion: Downloading data from https://drive.google.com/file/d/1nCwTmYBWTgwxrgEYZ6BPM1L-5ixlRJ99/view?usp=sharing into file artifacts/data_ingestion/data.zip]
[2026-08-12 16:28:36,071: INFO: main: >>>>> stage Data Ingestion stage started <<<<<]
[2026-08-12 16:28:36,078: INFO: common: yaml file: config\config.yaml loaded successfully]
[2026-08-12 16:28:36,080: INFO: common: yaml file: params.yaml loaded successfully]
[2026-08-12 16:28:36,082: INFO: common: created directory at: artifacts]
[2026-08-12 16:28:36,083: INFO: common: created directory at: artifacts/data_ingestion]
[2026-08-12 16:28:36,084: INFO: data_ingestion: Downloading data from https://drive.google.com/file/d/1nCwTmYBWTgwxrgEYZ6BPM1L-5ixlRJ99/view?usp=sharing into file artifacts/data_ingestion/data.zip]
[2026-08-12 16:29:29,393: INFO: data_ingestion: Downloaded data from https://drive.google.com/file/d/1nCwTmYBWTgwxrgEYZ6BPM1L-5ixlRJ99/view?usp=sharing into file artifacts/data_ingestion/data.zip]
[2026-08-12 16:34:23,358: INFO: main: >>>>> stage Data Ingestion stage completed!<<<<<

x==========x]
[2026-08-12 16:34:23,358: INFO: main: *******************]
[2026-08-12 16:34:23,358: INFO: main: >>>>>> stage Prepare base model started <<<<<<]
[2026-08-12 16:34:23,360: INFO: common: yaml file: config\config.yaml loaded successfully]
[2026-08-12 16:34:23,362: INFO: common: yaml file: params.yaml loaded successfully]
[2026-08-12 16:34:23,363: INFO: common: created directory at: artifacts]
[2026-08-12 16:34:23,364: INFO: common: created directory at: artifacts/prepare_base_model]
[2026-08-12 16:34:23,712: WARNING: saving_utils: Compiled the loaded model, but the compiled metrics have yet to be built. `model.compile_metrics` will be empty until you train or evaluate the model.]
[2026-08-12 16:34:23,905: INFO: main: >>>>>> stage Prepare base model completed <<<<<<

x==========x]
[2026-08-12 16:34:23,906: INFO: main: *******************]
[2026-08-12 16:34:23,906: INFO: main: >>>>>> stage Training started <<<<<<]
[2026-08-12 16:34:23,908: INFO: common: yaml file: config\config.yaml loaded successfully]
[2026-08-12 16:34:23,910: INFO: common: yaml file: params.yaml loaded successfully]
[2026-08-12 16:34:23,911: INFO: common: created directory at: artifacts]
[2026-08-12 16:34:23,912: INFO: common: created directory at: artifacts\training]
[2026-08-12 16:43:16,604: INFO: main: >>>>>> stage Training completed <<<<<<

x==========x]
[2026-08-14 13:22:24,716: INFO: common: yaml file: config\config.yaml loaded successfully]
[2026-08-14 13:22:24,722: INFO: common: yaml file: params.yaml loaded successfully]
[2026-08-14 13:22:24,726: INFO: common: created directory at: artifacts]
[2026-08-14 13:25:29,448: INFO: common: json file saved at: scores.json]
[2026-08-14 13:25:36,349: WARNING: save: Found untraced functions such as _jit_compiled_convolution_op, _jit_compiled_convolution_op, _jit_compiled_convolution_op, _jit_compiled_convolution_op, _jit_compiled_convolution_op while saving (showing 5 of 14). These functions will not be directly callable after loading.]
[2026-08-14 13:25:37,268: INFO: builder_impl: Assets written to: C:\Users\YASHAS~1\AppData\Local\Temp\tmpgst7k1_3\model\data\model\assets]
[2026-08-14 13:36:20,567: INFO: common: yaml file: config\config.yaml loaded successfully]
[2026-08-14 13:36:20,574: INFO: common: yaml file: params.yaml loaded successfully]
[2026-08-14 13:36:20,575: INFO: common: created directory at: artifacts]
[2026-08-14 13:39:22,493: INFO: common: json file saved at: scores.json]
[2026-08-14 13:39:26,716: WARNING: save: Found untraced functions such as _jit_compiled_convolution_op, _jit_compiled_convolution_op, _jit_compiled_convolution_op, _jit_compiled_convolution_op, _jit_compiled_convolution_op while saving (showing 5 of 14). These functions will not be directly callable after loading.]
[2026-08-14 13:39:27,449: INFO: builder_impl: Assets written to: C:\Users\YASHAS~1\AppData\Local\Temp\tmp0wcfihoo\model\data\model\assets]
[2026-08-14 13:58:21,128: INFO: main: >>>>> stage Data Ingestion stage started <<<<<]
[2026-08-14 13:58:21,133: INFO: common: yaml file: config\config.yaml loaded successfully]
[2026-08-14 13:58:21,138: INFO: common: yaml file: params.yaml loaded successfully]
[2026-08-14 13:58:21,139: INFO: common: created directory at: artifacts]
[2026-08-14 13:58:21,142: INFO: common: created directory at: artifacts/data_ingestion]
[2026-08-14 13:58:21,144: INFO: data_ingestion: Downloading data from https://drive.google.com/file/d/1nCwTmYBWTgwxrgEYZ6BPM1L-5ixlRJ99/view?usp=sharing into file artifacts/data_ingestion/data.zip]
[2026-08-14 13:59:21,683: INFO: data_ingestion: Downloaded data from https://drive.google.com/file/d/1nCwTmYBWTgwxrgEYZ6BPM1L-5ixlRJ99/view?usp=sharing into file artifacts/data_ingestion/data.zip]
[2026-08-14 14:11:55,780: INFO: main: >>>>> stage Data Ingestion stage completed!<<<<<

x==========x]
[2026-08-14 14:11:55,790: INFO: main: *******************]
[2026-08-14 14:11:55,790: INFO: main: >>>>>> stage Prepare base model started <<<<<<]
[2026-08-14 14:11:55,807: INFO: common: yaml file: config\config.yaml loaded successfully]
[2026-08-14 14:11:55,812: INFO: common: yaml file: params.yaml loaded successfully]
[2026-08-14 14:11:55,813: INFO: common: created directory at: artifacts]
[2026-08-14 14:11:55,814: INFO: common: created directory at: artifacts/prepare_base_model]
[2026-08-14 14:11:57,019: WARNING: saving_utils: Compiled the loaded model, but the compiled metrics have yet to be built. `model.compile_metrics` will be empty until you train or evaluate the model.]
[2026-08-14 14:11:57,311: INFO: main: >>>>>> stage Prepare base model completed <<<<<<

x==========x]
[2026-08-14 14:11:57,311: INFO: main: *******************]
[2026-08-14 14:11:57,311: INFO: main: >>>>>> stage Training started <<<<<<]
[2026-08-14 14:11:57,314: INFO: common: yaml file: config\config.yaml loaded successfully]
[2026-08-14 14:11:57,315: INFO: common: yaml file: params.yaml loaded successfully]
[2026-08-14 14:11:57,316: INFO: common: created directory at: artifacts]
[2026-08-14 14:11:57,317: INFO: common: created directory at: artifacts\training]
[2026-08-14 14:26:04,559: INFO: main: >>>>>> stage Training completed <<<<<<

x==========x]
[2026-08-14 14:26:04,560: INFO: main: *******************]
[2026-08-14 14:26:04,561: INFO: main: >>>>>> stage Evaluation stage started <<<<<<]
[2026-08-14 14:26:04,566: INFO: common: yaml file: config\config.yaml loaded successfully]
[2026-08-14 14:26:04,573: INFO: common: yaml file: params.yaml loaded successfully]
[2026-08-14 14:26:04,575: INFO: common: created directory at: artifacts]
[2026-08-14 14:32:16,004: INFO: common: json file saved at: scores.json]
[2026-08-14 14:32:16,008: INFO: common: json file saved at: scores.json]
[2026-08-14 14:32:16,009: INFO: main: >>>>>> stage Evaluation stage completed <<<<<<

x==========x]
[2026-08-14 15:16:41,874: INFO: main: >>>>> stage Data Ingestion stage started <<<<<]
[2026-08-14 15:16:41,881: INFO: common: yaml file: config\config.yaml loaded successfully]
[2026-08-14 15:16:41,886: INFO: common: yaml file: params.yaml loaded successfully]
[2026-08-14 15:16:41,888: INFO: common: created directory at: artifacts]
[2026-08-14 15:16:41,892: INFO: common: created directory at: artifacts/data_ingestion]
[2026-08-14 15:16:41,894: INFO: data_ingestion: Downloading data from https://drive.google.com/file/d/1nCwTmYBWTgwxrgEYZ6BPM1L-5ixlRJ99/view?usp=sharing into file artifacts/data_ingestion/data.zip]
[2026-08-14 15:17:38,534: INFO: data_ingestion: Downloaded data from https://drive.google.com/file/d/1nCwTmYBWTgwxrgEYZ6BPM1L-5ixlRJ99/view?usp=sharing into file artifacts/data_ingestion/data.zip]
[2026-08-14 15:33:15,808: INFO: main: >>>>> stage Data Ingestion stage completed!<<<<<

x==========x]
[2026-08-14 15:33:15,809: INFO: main: *******************]
[2026-08-14 15:33:15,809: INFO: main: >>>>>> stage Prepare base model started <<<<<<]
[2026-08-14 15:33:15,822: INFO: common: yaml file: config\config.yaml loaded successfully]
[2026-08-14 15:33:15,830: INFO: common: yaml file: params.yaml loaded successfully]
[2026-08-14 15:33:15,832: INFO: common: created directory at: artifacts]
[2026-08-14 15:33:15,834: INFO: common: created directory at: artifacts/prepare_base_model]
[2026-08-14 15:33:17,255: WARNING: saving_utils: Compiled the loaded model, but the compiled metrics have yet to be built. `model.compile_metrics` will be empty until you train or evaluate the model.]
[2026-08-14 15:33:17,920: INFO: main: >>>>>> stage Prepare base model completed <<<<<<

x==========x]
[2026-08-14 15:33:17,921: INFO: main: *******************]
[2026-08-14 15:33:17,922: INFO: main: >>>>>> stage Training started <<<<<<]
[2026-08-14 15:33:17,928: INFO: common: yaml file: config\config.yaml loaded successfully]
[2026-08-14 15:33:17,934: INFO: common: yaml file: params.yaml loaded successfully]
[2026-08-14 15:33:17,936: INFO: common: created directory at: artifacts]
[2026-08-14 15:33:17,940: INFO: common: created directory at: artifacts\training]
[2026-08-14 15:58:55,283: INFO: main: >>>>>> stage Training completed <<<<<<

x==========x]
[2026-08-14 15:58:55,285: INFO: main: *******************]
[2026-08-14 15:58:55,286: INFO: main: >>>>>> stage Evaluation stage started <<<<<<]
[2026-08-14 15:58:55,297: INFO: common: yaml file: config\config.yaml loaded successfully]
[2026-08-14 15:58:55,304: INFO: common: yaml file: params.yaml loaded successfully]
[2026-08-14 15:58:55,307: INFO: common: created directory at: artifacts]
[2026-08-14 16:04:29,743: INFO: common: json file saved at: scores.json]
[2026-08-14 16:04:29,744: INFO: common: json file saved at: scores.json]
[2026-08-14 16:04:35,773: WARNING: save: Found untraced functions such as _jit_compiled_convolution_op, _jit_compiled_convolution_op, _jit_compiled_convolution_op, _jit_compiled_convolution_op, _jit_compiled_convolution_op while saving (showing 5 of 14). These functions will not be directly callable after loading.]
[2026-08-14 16:04:36,798: INFO: builder_impl: Assets written to: C:\Users\YASHAS~1\AppData\Local\Temp\tmp5sy5k063\model\data\model\assets]
[2026-08-14 16:07:49,667: INFO: main: >>>>>> stage Evaluation stage completed <<<<<<

x==========x]
[2026-08-14 16:09:20,801: INFO: main: >>>>> stage Data Ingestion stage started <<<<<]
[2026-08-14 16:09:20,806: INFO: common: yaml file: config\config.yaml loaded successfully]
[2026-08-14 16:09:20,810: INFO: common: yaml file: params.yaml loaded successfully]
[2026-08-14 16:09:20,812: INFO: common: created directory at: artifacts]
[2026-08-14 16:09:20,815: INFO: common: created directory at: artifacts/data_ingestion]
[2026-08-14 16:09:20,818: INFO: data_ingestion: Downloading data from https://drive.google.com/file/d/1nCwTmYBWTgwxrgEYZ6BPM1L-5ixlRJ99/view?usp=sharing into file artifacts/data_ingestion/data.zip]
[2026-08-14 16:10:16,446: INFO: data_ingestion: Downloaded data from https://drive.google.com/file/d/1nCwTmYBWTgwxrgEYZ6BPM1L-5ixlRJ99/view?usp=sharing into file artifacts/data_ingestion/data.zip]
[2026-08-14 16:23:38,291: INFO: main: >>>>> stage Data Ingestion stage completed!<<<<<

x==========x]
[2026-08-14 16:23:38,296: INFO: main: *******************]
[2026-08-14 16:23:38,297: INFO: main: >>>>>> stage Prepare base model started <<<<<<]
[2026-08-14 16:23:38,311: INFO: common: yaml file: config\config.yaml loaded successfully]
[2026-08-14 16:23:38,316: INFO: common: yaml file: params.yaml loaded successfully]
[2026-08-14 16:23:38,320: INFO: common: created directory at: artifacts]
[2026-08-14 16:23:38,322: INFO: common: created directory at: artifacts/prepare_base_model]
[2026-08-14 16:23:39,567: WARNING: saving_utils: Compiled the loaded model, but the compiled metrics have yet to be built. `model.compile_metrics` will be empty until you train or evaluate the model.]
[2026-08-14 16:23:40,219: INFO: main: >>>>>> stage Prepare base model completed <<<<<<

x==========x]
[2026-08-14 16:23:40,220: INFO: main: *******************]
[2026-08-14 16:23:40,220: INFO: main: >>>>>> stage Training started <<<<<<]
[2026-08-14 16:23:40,225: INFO: common: yaml file: config\config.yaml loaded successfully]
[2026-08-14 16:23:40,230: INFO: common: yaml file: params.yaml loaded successfully]
[2026-08-14 16:23:40,231: INFO: common: created directory at: artifacts]
[2026-08-14 16:23:40,233: INFO: common: created directory at: artifacts\training]
[2026-08-14 16:58:51,820: INFO: main: >>>>>> stage Training completed <<<<<<

x==========x]
[2026-08-14 16:58:51,821: INFO: main: *******************]
[2026-08-14 16:58:51,821: INFO: main: >>>>>> stage Evaluation stage started <<<<<<]
[2026-08-14 16:58:51,827: INFO: common: yaml file: config\config.yaml loaded successfully]
[2026-08-14 16:58:51,831: INFO: common: yaml file: params.yaml loaded successfully]
[2026-08-14 16:58:51,833: INFO: common: created directory at: artifacts]
[2026-08-14 17:01:33,279: INFO: common: json file saved at: scores.json]
[2026-08-14 17:01:33,280: INFO: common: json file saved at: scores.json]
[2026-08-14 17:01:38,101: WARNING: save: Found untraced functions such as _jit_compiled_convolution_op, _jit_compiled_convolution_op, _jit_compiled_convolution_op, _jit_compiled_convolution_op, _jit_compiled_convolution_op while saving (showing 5 of 14). These functions will not be directly callable after loading.]
[2026-08-14 17:01:38,860: INFO: builder_impl: Assets written to: C:\Users\YASHAS~1\AppData\Local\Temp\tmpcogp38x_\model\data\model\assets]
[2026-08-14 17:03:30,711: INFO: main: >>>>>> stage Evaluation stage completed <<<<<<

x==========x]
[2026-08-14 17:13:43,121: INFO: main: >>>>> stage Data Ingestion stage started <<<<<]
[2026-08-14 17:13:43,124: INFO: common: yaml file: config\config.yaml loaded successfully]
[2026-08-14 17:13:43,129: INFO: common: yaml file: params.yaml loaded successfully]
[2026-08-14 17:13:43,132: INFO: common: created directory at: artifacts]
[2026-08-14 17:13:43,133: INFO: common: created directory at: artifacts/data_ingestion]
[2026-08-14 17:13:43,134: INFO: data_ingestion: Downloading data from https://drive.google.com/file/d/1nCwTmYBWTgwxrgEYZ6BPM1L-5ixlRJ99/view?usp=sharing into file artifacts/data_ingestion/data.zip]
[2026-08-14 17:14:56,507: INFO: data_ingestion: Downloaded data from https://drive.google.com/file/d/1nCwTmYBWTgwxrgEYZ6BPM1L-5ixlRJ99/view?usp=sharing into file artifacts/data_ingestion/data.zip]
[2026-08-14 17:23:27,176: INFO: main: >>>>> stage Data Ingestion stage completed!<<<<<

x==========x]
[2026-08-14 17:23:27,177: INFO: main: *******************]
[2026-08-14 17:23:27,177: INFO: main: >>>>>> stage Prepare base model started <<<<<<]
[2026-08-14 17:23:27,181: INFO: common: yaml file: config\config.yaml loaded successfully]
[2026-08-14 17:23:27,184: INFO: common: yaml file: params.yaml loaded successfully]
[2026-08-14 17:23:27,186: INFO: common: created directory at: artifacts]
[2026-08-14 17:23:27,187: INFO: common: created directory at: artifacts/prepare_base_model]
[2026-08-14 17:23:27,784: WARNING: saving_utils: Compiled the loaded model, but the compiled metrics have yet to be built. `model.compile_metrics` will be empty until you train or evaluate the model.]
[2026-08-14 17:23:28,048: INFO: main: >>>>>> stage Prepare base model completed <<<<<<

x==========x]
[2026-08-14 17:23:28,049: INFO: main: *******************]
[2026-08-14 17:23:28,049: INFO: main: >>>>>> stage Training started <<<<<<]
[2026-08-14 17:23:28,051: INFO: common: yaml file: config\config.yaml loaded successfully]
[2026-08-14 17:23:28,053: INFO: common: yaml file: params.yaml loaded successfully]
[2026-08-14 17:23:28,054: INFO: common: created directory at: artifacts]
[2026-08-14 17:23:28,055: INFO: common: created directory at: artifacts\training]
[2026-08-14 17:50:27,448: INFO: main: >>>>>> stage Training completed <<<<<<

x==========x]
[2026-08-14 17:50:27,449: INFO: main: *******************]
[2026-08-14 17:50:27,449: INFO: main: >>>>>> stage Evaluation stage started <<<<<<]
[2026-08-14 17:50:27,453: INFO: common: yaml file: config\config.yaml loaded successfully]
[2026-08-14 17:50:27,458: INFO: common: yaml file: params.yaml loaded successfully]
[2026-08-14 17:50:27,460: INFO: common: created directory at: artifacts]
[2026-08-14 17:53:07,783: INFO: common: json file saved at: scores.json]
[2026-08-14 17:53:07,784: INFO: common: json file saved at: scores.json]
[2026-08-14 17:53:12,572: WARNING: save: Found untraced functions such as _jit_compiled_convolution_op, _jit_compiled_convolution_op, _jit_compiled_convolution_op, _jit_compiled_convolution_op, _jit_compiled_convolution_op while saving (showing 5 of 14). These functions will not be directly callable after loading.]
[2026-08-14 17:53:13,404: INFO: builder_impl: Assets written to: C:\Users\YASHAS~1\AppData\Local\Temp\tmpbou5clbj\model\data\model\assets]
[2026-08-14 17:55:24,240: INFO: main: >>>>>> stage Evaluation stage completed <<<<<<

x==========x]
